// Jest Snapshot v1, https://goo.gl/fbAQLP

exports[`renders without crashing 1`] = `
<App>
  <div
    className="app"
    data-test="app-container"
    title="jest enzyme"
  >
    jest
  </div>
</App>
`;
